.\venv\Scripts\python.
exe : .
At line:1 char:1
+ .\venv\Scripts\pytho
n.exe tests/test_orche
strator.py > 
test_output.tx ...
+ ~~~~~~~~~~~~~~~~~~~~
~~~~~~~~~~~~~~~~~~~~~~
~~~~~~~~~~~~~~~~~~~~~~
~~~~~
    + CategoryInfo    
          : NotSpeci  
  fied: (.:String)    
 [], RemoteExcepti    
on
    + FullyQualifiedE 
   rrorId : NativeCo  
  mmandError
 
----------------------
----------------------
----------------------
----
Ran 1 test in 0.013s

OK
Verification test passed!
